// Jest Snapshot v1, https://goo.gl/fbAQLP

exports[`App renders correctly 1`] = `
<DocumentFragment>
  <div
    class="App"
  >
    <div
      class="css-0"
    >
      <div>
        <div
          class="fc fc-media-screen fc-direction-ltr fc-theme-standard fc-liquid-hack"
        >
          <div
            class="fc-header-toolbar fc-toolbar fc-toolbar-ltr"
          >
            <div
              class="fc-toolbar-chunk"
            >
              <div
                class="fc-button-group"
              >
                <button
                  aria-pressed="false"
                  class="fc-prev-button fc-button fc-button-primary"
                  title="Previous month"
                  type="button"
                >
                  <span
                    class="fc-icon fc-icon-chevron-left"
                  />
                </button>
                <button
                  aria-pressed="false"
                  class="fc-next-button fc-button fc-button-primary"
                  title="Next month"
                  type="button"
                >
                  <span
                    class="fc-icon fc-icon-chevron-right"
                  />
                </button>
              </div>
              <button
                aria-pressed="false"
                class="fc-today-button fc-button fc-button-primary"
                disabled=""
                title="This month"
                type="button"
              >
                today
              </button>
            </div>
            <div
              class="fc-toolbar-chunk"
            >
              <h2
                class="fc-toolbar-title"
                id="fc-dom-1"
              >
                February 2022
              </h2>
            </div>
            <div
              class="fc-toolbar-chunk"
            >
              <div
                class="fc-button-group"
              >
                <button
                  aria-pressed="true"
                  class="fc-dayGridMonth-button fc-button fc-button-primary fc-button-active"
                  title="month view"
                  type="button"
                >
                  month
                </button>
                <button
                  aria-pressed="false"
                  class="fc-timeGridWeek-button fc-button fc-button-primary"
                  title="week view"
                  type="button"
                >
                  week
                </button>
                <button
                  aria-pressed="false"
                  class="fc-timeGridDay-button fc-button fc-button-primary"
                  title="day view"
                  type="button"
                >
                  day
                </button>
              </div>
            </div>
          </div>
          <div
            aria-labelledby="fc-dom-1"
            class="fc-view-harness fc-view-harness-active"
            style="padding-bottom: 74.07407407407408%; height: 0px;"
          >
            <div
              class="fc-daygrid fc-dayGridMonth-view fc-view"
            >
              <table
                class="fc-scrollgrid  fc-scrollgrid-liquid"
                role="grid"
              >
                <tbody
                  role="rowgroup"
                >
                  <tr
                    class="fc-scrollgrid-section fc-scrollgrid-section-header "
                    role="presentation"
                  >
                    <th
                      role="presentation"
                    >
                      <div
                        class="fc-scroller-harness"
                      >
                        <div
                          class="fc-scroller"
                          style="overflow-x: hidden; overflow-y: hidden;"
                        >
                          <table
                            class="fc-col-header "
                            role="presentation"
                            style="width: 0px;"
                          >
                            <colgroup />
                            <thead
                              role="presentation"
                            >
                              <tr
                                role="row"
                              >
                                <th
                                  class="fc-col-header-cell fc-day fc-day-sun"
                                  role="columnheader"
                                >
                                  <div
                                    class="fc-scrollgrid-sync-inner"
                                  >
                                    <a
                                      aria-label="Sunday"
                                      class="fc-col-header-cell-cushion "
                                    >
                                      Sun
                                    </a>
                                  </div>
                                </th>
                                <th
                                  class="fc-col-header-cell fc-day fc-day-mon"
                                  role="columnheader"
                                >
                                  <div
                                    class="fc-scrollgrid-sync-inner"
                                  >
                                    <a
                                      aria-label="Monday"
                                      class="fc-col-header-cell-cushion "
                                    >
                                      Mon
                                    </a>
                                  </div>
                                </th>
                                <th
                                  class="fc-col-header-cell fc-day fc-day-tue"
                                  role="columnheader"
                                >
                                  <div
                                    class="fc-scrollgrid-sync-inner"
                                  >
                                    <a
                                      aria-label="Tuesday"
                                      class="fc-col-header-cell-cushion "
                                    >
                                      Tue
                                    </a>
                                  </div>
                                </th>
                                <th
                                  class="fc-col-header-cell fc-day fc-day-wed"
                                  role="columnheader"
                                >
                                  <div
                                    class="fc-scrollgrid-sync-inner"
                                  >
                                    <a
                                      aria-label="Wednesday"
                                      class="fc-col-header-cell-cushion "
                                    >
                                      Wed
                                    </a>
                                  </div>
                                </th>
                                <th
                                  class="fc-col-header-cell fc-day fc-day-thu"
                                  role="columnheader"
                                >
                                  <div
                                    class="fc-scrollgrid-sync-inner"
                                  >
                                    <a
                                      aria-label="Thursday"
                                      class="fc-col-header-cell-cushion "
                                    >
                                      Thu
                                    </a>
                                  </div>
                                </th>
                                <th
                                  class="fc-col-header-cell fc-day fc-day-fri"
                                  role="columnheader"
                                >
                                  <div
                                    class="fc-scrollgrid-sync-inner"
                                  >
                                    <a
                                      aria-label="Friday"
                                      class="fc-col-header-cell-cushion "
                                    >
                                      Fri
                                    </a>
                                  </div>
                                </th>
                                <th
                                  class="fc-col-header-cell fc-day fc-day-sat"
                                  role="columnheader"
                                >
                                  <div
                                    class="fc-scrollgrid-sync-inner"
                                  >
                                    <a
                                      aria-label="Saturday"
                                      class="fc-col-header-cell-cushion "
                                    >
                                      Sat
                                    </a>
                                  </div>
                                </th>
                              </tr>
                            </thead>
                          </table>
                        </div>
                      </div>
                    </th>
                  </tr>
                  <tr
                    class="fc-scrollgrid-section fc-scrollgrid-section-body  fc-scrollgrid-section-liquid"
                    role="presentation"
                  >
                    <td
                      role="presentation"
                    >
                      <div
                        class="fc-scroller-harness fc-scroller-harness-liquid"
                      >
                        <div
                          class="fc-scroller fc-scroller-liquid-absolute"
                          style="overflow-x: hidden; overflow-y: auto;"
                        >
                          <div
                            class="fc-daygrid-body fc-daygrid-body-unbalanced "
                            style="width: 0px;"
                          >
                            <table
                              class="fc-scrollgrid-sync-table"
                              role="presentation"
                              style="width: 0px; height: 0px;"
                            >
                              <colgroup />
                              <tbody
                                role="presentation"
                              >
                                <tr
                                  role="row"
                                >
                                  <td
                                    aria-labelledby="fc-dom-2"
                                    class="fc-daygrid-day fc-day fc-day-sun fc-day-past fc-day-other"
                                    data-date="2022-01-30"
                                    role="gridcell"
                                  >
                                    <div
                                      class="fc-daygrid-day-frame fc-scrollgrid-sync-inner"
                                    >
                                      <div
                                        class="fc-daygrid-day-top"
                                      >
                                        <a
                                          aria-label="January 30, 2022"
                                          class="fc-daygrid-day-number"
                                          id="fc-dom-2"
                                        >
                                          30
                                        </a>
                                      </div>
                                      <div
                                        class="fc-daygrid-day-events"
                                      >
                                        <div
                                          class="fc-daygrid-day-bottom"
                                          style="margin-top: 0px;"
                                        />
                                      </div>
                                      <div
                                        class="fc-daygrid-day-bg"
                                      />
                                    </div>
                                  </td>
                                  <td
                                    aria-labelledby="fc-dom-4"
                                    class="fc-daygrid-day fc-day fc-day-mon fc-day-past fc-day-other"
                                    data-date="2022-01-31"
                                    role="gridcell"
                                  >
                                    <div
                                      class="fc-daygrid-day-frame fc-scrollgrid-sync-inner"
                                    >
                                      <div
                                        class="fc-daygrid-day-top"
                                      >
                                        <a
                                          aria-label="January 31, 2022"
                                          class="fc-daygrid-day-number"
                                          id="fc-dom-4"
                                        >
                                          31
                                        </a>
                                      </div>
                                      <div
                                        class="fc-daygrid-day-events"
                                      >
                                        <div
                                          class="fc-daygrid-day-bottom"
                                          style="margin-top: 0px;"
                                        />
                                      </div>
                                      <div
                                        class="fc-daygrid-day-bg"
                                      />
                                    </div>
                                  </td>
                                  <td
                                    aria-labelledby="fc-dom-6"
                                    class="fc-daygrid-day fc-day fc-day-tue fc-day-past"
                                    data-date="2022-02-01"
                                    role="gridcell"
                                  >
                                    <div
                                      class="fc-daygrid-day-frame fc-scrollgrid-sync-inner"
                                    >
                                      <div
                                        class="fc-daygrid-day-top"
                                      >
                                        <a
                                          aria-label="February 1, 2022"
                                          class="fc-daygrid-day-number"
                                          id="fc-dom-6"
                                        >
                                          1
                                        </a>
                                      </div>
                                      <div
                                        class="fc-daygrid-day-events"
                                      >
                                        <div
                                          class="fc-daygrid-day-bottom"
                                          style="margin-top: 0px;"
                                        />
                                      </div>
                                      <div
                                        class="fc-daygrid-day-bg"
                                      />
                                    </div>
                                  </td>
                                  <td
                                    aria-labelledby="fc-dom-8"
                                    class="fc-daygrid-day fc-day fc-day-wed fc-day-past"
                                    data-date="2022-02-02"
                                    role="gridcell"
                                  >
                                    <div
                                      class="fc-daygrid-day-frame fc-scrollgrid-sync-inner"
                                    >
                                      <div
                                        class="fc-daygrid-day-top"
                                      >
                                        <a
                                          aria-label="February 2, 2022"
                                          class="fc-daygrid-day-number"
                                          id="fc-dom-8"
                                        >
                                          2
                                        </a>
                                      </div>
                                      <div
                                        class="fc-daygrid-day-events"
                                      >
                                        <div
                                          class="fc-daygrid-day-bottom"
                                          style="margin-top: 0px;"
                                        />
                                      </div>
                                      <div
                                        class="fc-daygrid-day-bg"
                                      />
                                    </div>
                                  </td>
                                  <td
                                    aria-labelledby="fc-dom-10"
                                    class="fc-daygrid-day fc-day fc-day-thu fc-day-past"
                                    data-date="2022-02-03"
                                    role="gridcell"
                                  >
                                    <div
                                      class="fc-daygrid-day-frame fc-scrollgrid-sync-inner"
                                    >
                                      <div
                                        class="fc-daygrid-day-top"
                                      >
                                        <a
                                          aria-label="February 3, 2022"
                                          class="fc-daygrid-day-number"
                                          id="fc-dom-10"
                                        >
                                          3
                                        </a>
                                      </div>
                                      <div
                                        class="fc-daygrid-day-events"
                                      >
                                        <div
                                          class="fc-daygrid-day-bottom"
                                          style="margin-top: 0px;"
                                        />
                                      </div>
                                      <div
                                        class="fc-daygrid-day-bg"
                                      />
                                    </div>
                                  </td>
                                  <td
                                    aria-labelledby="fc-dom-12"
                                    class="fc-daygrid-day fc-day fc-day-fri fc-day-past"
                                    data-date="2022-02-04"
                                    role="gridcell"
                                  >
                                    <div
                                      class="fc-daygrid-day-frame fc-scrollgrid-sync-inner"
                                    >
                                      <div
                                        class="fc-daygrid-day-top"
                                      >
                                        <a
                                          aria-label="February 4, 2022"
                                          class="fc-daygrid-day-number"
                                          id="fc-dom-12"
                                        >
                                          4
                                        </a>
                                      </div>
                                      <div
                                        class="fc-daygrid-day-events"
                                      >
                                        <div
                                          class="fc-daygrid-day-bottom"
                                          style="margin-top: 0px;"
                                        />
                                      </div>
                                      <div
                                        class="fc-daygrid-day-bg"
                                      />
                                    </div>
                                  </td>
                                  <td
                                    aria-labelledby="fc-dom-14"
                                    class="fc-daygrid-day fc-day fc-day-sat fc-day-past"
                                    data-date="2022-02-05"
                                    role="gridcell"
                                  >
                                    <div
                                      class="fc-daygrid-day-frame fc-scrollgrid-sync-inner"
                                    >
                                      <div
                                        class="fc-daygrid-day-top"
                                      >
                                        <a
                                          aria-label="February 5, 2022"
                                          class="fc-daygrid-day-number"
                                          id="fc-dom-14"
                                        >
                                          5
                                        </a>
                                      </div>
                                      <div
                                        class="fc-daygrid-day-events"
                                      >
                                        <div
                                          class="fc-daygrid-day-bottom"
                                          style="margin-top: 0px;"
                                        />
                                      </div>
                                      <div
                                        class="fc-daygrid-day-bg"
                                      />
                                    </div>
                                  </td>
                                </tr>
                                <tr
                                  role="row"
                                >
                                  <td
                                    aria-labelledby="fc-dom-16"
                                    class="fc-daygrid-day fc-day fc-day-sun fc-day-past"
                                    data-date="2022-02-06"
                                    role="gridcell"
                                  >
                                    <div
                                      class="fc-daygrid-day-frame fc-scrollgrid-sync-inner"
                                    >
                                      <div
                                        class="fc-daygrid-day-top"
                                      >
                                        <a
                                          aria-label="February 6, 2022"
                                          class="fc-daygrid-day-number"
                                          id="fc-dom-16"
                                        >
                                          6
                                        </a>
                                      </div>
                                      <div
                                        class="fc-daygrid-day-events"
                                      >
                                        <div
                                          class="fc-daygrid-day-bottom"
                                          style="margin-top: 0px;"
                                        />
                                      </div>
                                      <div
                                        class="fc-daygrid-day-bg"
                                      />
                                    </div>
                                  </td>
                                  <td
                                    aria-labelledby="fc-dom-18"
                                    class="fc-daygrid-day fc-day fc-day-mon fc-day-past"
                                    data-date="2022-02-07"
                                    role="gridcell"
                                  >
                                    <div
                                      class="fc-daygrid-day-frame fc-scrollgrid-sync-inner"
                                    >
                                      <div
                                        class="fc-daygrid-day-top"
                                      >
                                        <a
                                          aria-label="February 7, 2022"
                                          class="fc-daygrid-day-number"
                                          id="fc-dom-18"
                                        >
                                          7
                                        </a>
                                      </div>
                                      <div
                                        class="fc-daygrid-day-events"
                                      >
                                        <div
                                          class="fc-daygrid-day-bottom"
                                          style="margin-top: 0px;"
                                        />
                                      </div>
                                      <div
                                        class="fc-daygrid-day-bg"
                                      />
                                    </div>
                                  </td>
                                  <td
                                    aria-labelledby="fc-dom-20"
                                    class="fc-daygrid-day fc-day fc-day-tue fc-day-past"
                                    data-date="2022-02-08"
                                    role="gridcell"
                                  >
                                    <div
                                      class="fc-daygrid-day-frame fc-scrollgrid-sync-inner"
                                    >
                                      <div
                                        class="fc-daygrid-day-top"
                                      >
                                        <a
                                          aria-label="February 8, 2022"
                                          class="fc-daygrid-day-number"
                                          id="fc-dom-20"
                                        >
                                          8
                                        </a>
                                      </div>
                                      <div
                                        class="fc-daygrid-day-events"
                                      >
                                        <div
                                          class="fc-daygrid-day-bottom"
                                          style="margin-top: 0px;"
                                        />
                                      </div>
                                      <div
                                        class="fc-daygrid-day-bg"
                                      />
                                    </div>
                                  </td>
                                  <td
                                    aria-labelledby="fc-dom-22"
                                    class="fc-daygrid-day fc-day fc-day-wed fc-day-past"
                                    data-date="2022-02-09"
                                    role="gridcell"
                                  >
                                    <div
                                      class="fc-daygrid-day-frame fc-scrollgrid-sync-inner"
                                    >
                                      <div
                                        class="fc-daygrid-day-top"
                                      >
                                        <a
                                          aria-label="February 9, 2022"
                                          class="fc-daygrid-day-number"
                                          id="fc-dom-22"
                                        >
                                          9
                                        </a>
                                      </div>
                                      <div
                                        class="fc-daygrid-day-events"
                                      >
                                        <div
                                          class="fc-daygrid-day-bottom"
                                          style="margin-top: 0px;"
                                        />
                                      </div>
                                      <div
                                        class="fc-daygrid-day-bg"
                                      />
                                    </div>
                                  </td>
                                  <td
                                    aria-labelledby="fc-dom-24"
                                    class="fc-daygrid-day fc-day fc-day-thu fc-day-past"
                                    data-date="2022-02-10"
                                    role="gridcell"
                                  >
                                    <div
                                      class="fc-daygrid-day-frame fc-scrollgrid-sync-inner"
                                    >
                                      <div
                                        class="fc-daygrid-day-top"
                                      >
                                        <a
                                          aria-label="February 10, 2022"
                                          class="fc-daygrid-day-number"
                                          id="fc-dom-24"
                                        >
                                          10
                                        </a>
                                      </div>
                                      <div
                                        class="fc-daygrid-day-events"
                                      >
                                        <div
                                          class="fc-daygrid-day-bottom"
                                          style="margin-top: 0px;"
                                        />
                                      </div>
                                      <div
                                        class="fc-daygrid-day-bg"
                                      />
                                    </div>
                                  </td>
                                  <td
                                    aria-labelledby="fc-dom-26"
                                    class="fc-daygrid-day fc-day fc-day-fri fc-day-past"
                                    data-date="2022-02-11"
                                    role="gridcell"
                                  >
                                    <div
                                      class="fc-daygrid-day-frame fc-scrollgrid-sync-inner"
                                    >
                                      <div
                                        class="fc-daygrid-day-top"
                                      >
                                        <a
                                          aria-label="February 11, 2022"
                                          class="fc-daygrid-day-number"
                                          id="fc-dom-26"
                                        >
                                          11
                                        </a>
                                      </div>
                                      <div
                                        class="fc-daygrid-day-events"
                                      >
                                        <div
                                          class="fc-daygrid-day-bottom"
                                          style="margin-top: 0px;"
                                        />
                                      </div>
                                      <div
                                        class="fc-daygrid-day-bg"
                                      />
                                    </div>
                                  </td>
                                  <td
                                    aria-labelledby="fc-dom-28"
                                    class="fc-daygrid-day fc-day fc-day-sat fc-day-past"
                                    data-date="2022-02-12"
                                    role="gridcell"
                                  >
                                    <div
                                      class="fc-daygrid-day-frame fc-scrollgrid-sync-inner"
                                    >
                                      <div
                                        class="fc-daygrid-day-top"
                                      >
                                        <a
                                          aria-label="February 12, 2022"
                                          class="fc-daygrid-day-number"
                                          id="fc-dom-28"
                                        >
                                          12
                                        </a>
                                      </div>
                                      <div
                                        class="fc-daygrid-day-events"
                                      >
                                        <div
                                          class="fc-daygrid-day-bottom"
                                          style="margin-top: 0px;"
                                        />
                                      </div>
                                      <div
                                        class="fc-daygrid-day-bg"
                                      />
                                    </div>
                                  </td>
                                </tr>
                                <tr
                                  role="row"
                                >
                                  <td
                                    aria-labelledby="fc-dom-30"
                                    class="fc-daygrid-day fc-day fc-day-sun fc-day-past"
                                    data-date="2022-02-13"
                                    role="gridcell"
                                  >
                                    <div
                                      class="fc-daygrid-day-frame fc-scrollgrid-sync-inner"
                                    >
                                      <div
                                        class="fc-daygrid-day-top"
                                      >
                                        <a
                                          aria-label="February 13, 2022"
                                          class="fc-daygrid-day-number"
                                          id="fc-dom-30"
                                        >
                                          13
                                        </a>
                                      </div>
                                      <div
                                        class="fc-daygrid-day-events"
                                      >
                                        <div
                                          class="fc-daygrid-day-bottom"
                                          style="margin-top: 0px;"
                                        />
                                      </div>
                                      <div
                                        class="fc-daygrid-day-bg"
                                      />
                                    </div>
                                  </td>
                                  <td
                                    aria-labelledby="fc-dom-32"
                                    class="fc-daygrid-day fc-day fc-day-mon fc-day-past"
                                    data-date="2022-02-14"
                                    role="gridcell"
                                  >
                                    <div
                                      class="fc-daygrid-day-frame fc-scrollgrid-sync-inner"
                                    >
                                      <div
                                        class="fc-daygrid-day-top"
                                      >
                                        <a
                                          aria-label="February 14, 2022"
                                          class="fc-daygrid-day-number"
                                          id="fc-dom-32"
                                        >
                                          14
                                        </a>
                                      </div>
                                      <div
                                        class="fc-daygrid-day-events"
                                      >
                                        <div
                                          class="fc-daygrid-day-bottom"
                                          style="margin-top: 0px;"
                                        />
                                      </div>
                                      <div
                                        class="fc-daygrid-day-bg"
                                      />
                                    </div>
                                  </td>
                                  <td
                                    aria-labelledby="fc-dom-34"
                                    class="fc-daygrid-day fc-day fc-day-tue fc-day-today "
                                    data-date="2022-02-15"
                                    role="gridcell"
                                  >
                                    <div
                                      class="fc-daygrid-day-frame fc-scrollgrid-sync-inner"
                                    >
                                      <div
                                        class="fc-daygrid-day-top"
                                      >
                                        <a
                                          aria-label="February 15, 2022"
                                          class="fc-daygrid-day-number"
                                          id="fc-dom-34"
                                        >
                                          15
                                        </a>
                                      </div>
                                      <div
                                        class="fc-daygrid-day-events"
                                      >
                                        <div
                                          class="fc-daygrid-day-bottom"
                                          style="margin-top: 0px;"
                                        />
                                      </div>
                                      <div
                                        class="fc-daygrid-day-bg"
                                      />
                                    </div>
                                  </td>
                                  <td
                                    aria-labelledby="fc-dom-36"
                                    class="fc-daygrid-day fc-day fc-day-wed fc-day-future"
                                    data-date="2022-02-16"
                                    role="gridcell"
                                  >
                                    <div
                                      class="fc-daygrid-day-frame fc-scrollgrid-sync-inner"
                                    >
                                      <div
                                        class="fc-daygrid-day-top"
                                      >
                                        <a
                                          aria-label="February 16, 2022"
                                          class="fc-daygrid-day-number"
                                          id="fc-dom-36"
                                        >
                                          16
                                        </a>
                                      </div>
                                      <div
                                        class="fc-daygrid-day-events"
                                      >
                                        <div
                                          class="fc-daygrid-day-bottom"
                                          style="margin-top: 0px;"
                                        />
                                      </div>
                                      <div
                                        class="fc-daygrid-day-bg"
                                      />
                                    </div>
                                  </td>
                                  <td
                                    aria-labelledby="fc-dom-38"
                                    class="fc-daygrid-day fc-day fc-day-thu fc-day-future"
                                    data-date="2022-02-17"
                                    role="gridcell"
                                  >
                                    <div
                                      class="fc-daygrid-day-frame fc-scrollgrid-sync-inner"
                                    >
                                      <div
                                        class="fc-daygrid-day-top"
                                      >
                                        <a
                                          aria-label="February 17, 2022"
                                          class="fc-daygrid-day-number"
                                          id="fc-dom-38"
                                        >
                                          17
                                        </a>
                                      </div>
                                      <div
                                        class="fc-daygrid-day-events"
                                      >
                                        <div
                                          class="fc-daygrid-day-bottom"
                                          style="margin-top: 0px;"
                                        />
                                      </div>
                                      <div
                                        class="fc-daygrid-day-bg"
                                      />
                                    </div>
                                  </td>
                                  <td
                                    aria-labelledby="fc-dom-40"
                                    class="fc-daygrid-day fc-day fc-day-fri fc-day-future"
                                    data-date="2022-02-18"
                                    role="gridcell"
                                  >
                                    <div
                                      class="fc-daygrid-day-frame fc-scrollgrid-sync-inner"
                                    >
                                      <div
                                        class="fc-daygrid-day-top"
                                      >
                                        <a
                                          aria-label="February 18, 2022"
                                          class="fc-daygrid-day-number"
                                          id="fc-dom-40"
                                        >
                                          18
                                        </a>
                                      </div>
                                      <div
                                        class="fc-daygrid-day-events"
                                      >
                                        <div
                                          class="fc-daygrid-day-bottom"
                                          style="margin-top: 0px;"
                                        />
                                      </div>
                                      <div
                                        class="fc-daygrid-day-bg"
                                      />
                                    </div>
                                  </td>
                                  <td
                                    aria-labelledby="fc-dom-42"
                                    class="fc-daygrid-day fc-day fc-day-sat fc-day-future"
                                    data-date="2022-02-19"
                                    role="gridcell"
                                  >
                                    <div
                                      class="fc-daygrid-day-frame fc-scrollgrid-sync-inner"
                                    >
                                      <div
                                        class="fc-daygrid-day-top"
                                      >
                                        <a
                                          aria-label="February 19, 2022"
                                          class="fc-daygrid-day-number"
                                          id="fc-dom-42"
                                        >
                                          19
                                        </a>
                                      </div>
                                      <div
                                        class="fc-daygrid-day-events"
                                      >
                                        <div
                                          class="fc-daygrid-day-bottom"
                                          style="margin-top: 0px;"
                                        />
                                      </div>
                                      <div
                                        class="fc-daygrid-day-bg"
                                      />
                                    </div>
                                  </td>
                                </tr>
                                <tr
                                  role="row"
                                >
                                  <td
                                    aria-labelledby="fc-dom-44"
                                    class="fc-daygrid-day fc-day fc-day-sun fc-day-future"
                                    data-date="2022-02-20"
                                    role="gridcell"
                                  >
                                    <div
                                      class="fc-daygrid-day-frame fc-scrollgrid-sync-inner"
                                    >
                                      <div
                                        class="fc-daygrid-day-top"
                                      >
                                        <a
                                          aria-label="February 20, 2022"
                                          class="fc-daygrid-day-number"
                                          id="fc-dom-44"
                                        >
                                          20
                                        </a>
                                      </div>
                                      <div
                                        class="fc-daygrid-day-events"
                                      >
                                        <div
                                          class="fc-daygrid-day-bottom"
                                          style="margin-top: 0px;"
                                        />
                                      </div>
                                      <div
                                        class="fc-daygrid-day-bg"
                                      />
                                    </div>
                                  </td>
                                  <td
                                    aria-labelledby="fc-dom-46"
                                    class="fc-daygrid-day fc-day fc-day-mon fc-day-future"
                                    data-date="2022-02-21"
                                    role="gridcell"
                                  >
                                    <div
                                      class="fc-daygrid-day-frame fc-scrollgrid-sync-inner"
                                    >
                                      <div
                                        class="fc-daygrid-day-top"
                                      >
                                        <a
                                          aria-label="February 21, 2022"
                                          class="fc-daygrid-day-number"
                                          id="fc-dom-46"
                                        >
                                          21
                                        </a>
                                      </div>
                                      <div
                                        class="fc-daygrid-day-events"
                                      >
                                        <div
                                          class="fc-daygrid-day-bottom"
                                          style="margin-top: 0px;"
                                        />
                                      </div>
                                      <div
                                        class="fc-daygrid-day-bg"
                                      />
                                    </div>
                                  </td>
                                  <td
                                    aria-labelledby="fc-dom-48"
                                    class="fc-daygrid-day fc-day fc-day-tue fc-day-future"
                                    data-date="2022-02-22"
                                    role="gridcell"
                                  >
                                    <div
                                      class="fc-daygrid-day-frame fc-scrollgrid-sync-inner"
                                    >
                                      <div
                                        class="fc-daygrid-day-top"
                                      >
                                        <a
                                          aria-label="February 22, 2022"
                                          class="fc-daygrid-day-number"
                                          id="fc-dom-48"
                                        >
                                          22
                                        </a>
                                      </div>
                                      <div
                                        class="fc-daygrid-day-events"
                                      >
                                        <div
                                          class="fc-daygrid-day-bottom"
                                          style="margin-top: 0px;"
                                        />
                                      </div>
                                      <div
                                        class="fc-daygrid-day-bg"
                                      />
                                    </div>
                                  </td>
                                  <td
                                    aria-labelledby="fc-dom-50"
                                    class="fc-daygrid-day fc-day fc-day-wed fc-day-future"
                                    data-date="2022-02-23"
                                    role="gridcell"
                                  >
                                    <div
                                      class="fc-daygrid-day-frame fc-scrollgrid-sync-inner"
                                    >
                                      <div
                                        class="fc-daygrid-day-top"
                                      >
                                        <a
                                          aria-label="February 23, 2022"
                                          class="fc-daygrid-day-number"
                                          id="fc-dom-50"
                                        >
                                          23
                                        </a>
                                      </div>
                                      <div
                                        class="fc-daygrid-day-events"
                                      >
                                        <div
                                          class="fc-daygrid-day-bottom"
                                          style="margin-top: 0px;"
                                        />
                                      </div>
                                      <div
                                        class="fc-daygrid-day-bg"
                                      />
                                    </div>
                                  </td>
                                  <td
                                    aria-labelledby="fc-dom-52"
                                    class="fc-daygrid-day fc-day fc-day-thu fc-day-future"
                                    data-date="2022-02-24"
                                    role="gridcell"
                                  >
                                    <div
                                      class="fc-daygrid-day-frame fc-scrollgrid-sync-inner"
                                    >
                                      <div
                                        class="fc-daygrid-day-top"
                                      >
                                        <a
                                          aria-label="February 24, 2022"
                                          class="fc-daygrid-day-number"
                                          id="fc-dom-52"
                                        >
                                          24
                                        </a>
                                      </div>
                                      <div
                                        class="fc-daygrid-day-events"
                                      >
                                        <div
                                          class="fc-daygrid-day-bottom"
                                          style="margin-top: 0px;"
                                        />
                                      </div>
                                      <div
                                        class="fc-daygrid-day-bg"
                                      />
                                    </div>
                                  </td>
                                  <td
                                    aria-labelledby="fc-dom-54"
                                    class="fc-daygrid-day fc-day fc-day-fri fc-day-future"
                                    data-date="2022-02-25"
                                    role="gridcell"
                                  >
                                    <div
                                      class="fc-daygrid-day-frame fc-scrollgrid-sync-inner"
                                    >
                                      <div
                                        class="fc-daygrid-day-top"
                                      >
                                        <a
                                          aria-label="February 25, 2022"
                                          class="fc-daygrid-day-number"
                                          id="fc-dom-54"
                                        >
                                          25
                                        </a>
                                      </div>
                                      <div
                                        class="fc-daygrid-day-events"
                                      >
                                        <div
                                          class="fc-daygrid-day-bottom"
                                          style="margin-top: 0px;"
                                        />
                                      </div>
                                      <div
                                        class="fc-daygrid-day-bg"
                                      />
                                    </div>
                                  </td>
                                  <td
                                    aria-labelledby="fc-dom-56"
                                    class="fc-daygrid-day fc-day fc-day-sat fc-day-future"
                                    data-date="2022-02-26"
                                    role="gridcell"
                                  >
                                    <div
                                      class="fc-daygrid-day-frame fc-scrollgrid-sync-inner"
                                    >
                                      <div
                                        class="fc-daygrid-day-top"
                                      >
                                        <a
                                          aria-label="February 26, 2022"
                                          class="fc-daygrid-day-number"
                                          id="fc-dom-56"
                                        >
                                          26
                                        </a>
                                      </div>
                                      <div
                                        class="fc-daygrid-day-events"
                                      >
                                        <div
                                          class="fc-daygrid-day-bottom"
                                          style="margin-top: 0px;"
                                        />
                                      </div>
                                      <div
                                        class="fc-daygrid-day-bg"
                                      />
                                    </div>
                                  </td>
                                </tr>
                                <tr
                                  role="row"
                                >
                                  <td
                                    aria-labelledby="fc-dom-58"
                                    class="fc-daygrid-day fc-day fc-day-sun fc-day-future"
                                    data-date="2022-02-27"
                                    role="gridcell"
                                  >
                                    <div
                                      class="fc-daygrid-day-frame fc-scrollgrid-sync-inner"
                                    >
                                      <div
                                        class="fc-daygrid-day-top"
                                      >
                                        <a
                                          aria-label="February 27, 2022"
                                          class="fc-daygrid-day-number"
                                          id="fc-dom-58"
                                        >
                                          27
                                        </a>
                                      </div>
                                      <div
                                        class="fc-daygrid-day-events"
                                      >
                                        <div
                                          class="fc-daygrid-day-bottom"
                                          style="margin-top: 0px;"
                                        />
                                      </div>
                                      <div
                                        class="fc-daygrid-day-bg"
                                      />
                                    </div>
                                  </td>
                                  <td
                                    aria-labelledby="fc-dom-60"
                                    class="fc-daygrid-day fc-day fc-day-mon fc-day-future"
                                    data-date="2022-02-28"
                                    role="gridcell"
                                  >
                                    <div
                                      class="fc-daygrid-day-frame fc-scrollgrid-sync-inner"
                                    >
                                      <div
                                        class="fc-daygrid-day-top"
                                      >
                                        <a
                                          aria-label="February 28, 2022"
                                          class="fc-daygrid-day-number"
                                          id="fc-dom-60"
                                        >
                                          28
                                        </a>
                                      </div>
                                      <div
                                        class="fc-daygrid-day-events"
                                      >
                                        <div
                                          class="fc-daygrid-day-bottom"
                                          style="margin-top: 0px;"
                                        />
                                      </div>
                                      <div
                                        class="fc-daygrid-day-bg"
                                      />
                                    </div>
                                  </td>
                                  <td
                                    aria-labelledby="fc-dom-62"
                                    class="fc-daygrid-day fc-day fc-day-tue fc-day-future fc-day-other"
                                    data-date="2022-03-01"
                                    role="gridcell"
                                  >
                                    <div
                                      class="fc-daygrid-day-frame fc-scrollgrid-sync-inner"
                                    >
                                      <div
                                        class="fc-daygrid-day-top"
                                      >
                                        <a
                                          aria-label="March 1, 2022"
                                          class="fc-daygrid-day-number"
                                          id="fc-dom-62"
                                        >
                                          1
                                        </a>
                                      </div>
                                      <div
                                        class="fc-daygrid-day-events"
                                      >
                                        <div
                                          class="fc-daygrid-day-bottom"
                                          style="margin-top: 0px;"
                                        />
                                      </div>
                                      <div
                                        class="fc-daygrid-day-bg"
                                      />
                                    </div>
                                  </td>
                                  <td
                                    aria-labelledby="fc-dom-64"
                                    class="fc-daygrid-day fc-day fc-day-wed fc-day-future fc-day-other"
                                    data-date="2022-03-02"
                                    role="gridcell"
                                  >
                                    <div
                                      class="fc-daygrid-day-frame fc-scrollgrid-sync-inner"
                                    >
                                      <div
                                        class="fc-daygrid-day-top"
                                      >
                                        <a
                                          aria-label="March 2, 2022"
                                          class="fc-daygrid-day-number"
                                          id="fc-dom-64"
                                        >
                                          2
                                        </a>
                                      </div>
                                      <div
                                        class="fc-daygrid-day-events"
                                      >
                                        <div
                                          class="fc-daygrid-day-bottom"
                                          style="margin-top: 0px;"
                                        />
                                      </div>
                                      <div
                                        class="fc-daygrid-day-bg"
                                      />
                                    </div>
                                  </td>
                                  <td
                                    aria-labelledby="fc-dom-66"
                                    class="fc-daygrid-day fc-day fc-day-thu fc-day-future fc-day-other"
                                    data-date="2022-03-03"
                                    role="gridcell"
                                  >
                                    <div
                                      class="fc-daygrid-day-frame fc-scrollgrid-sync-inner"
                                    >
                                      <div
                                        class="fc-daygrid-day-top"
                                      >
                                        <a
                                          aria-label="March 3, 2022"
                                          class="fc-daygrid-day-number"
                                          id="fc-dom-66"
                                        >
                                          3
                                        </a>
                                      </div>
                                      <div
                                        class="fc-daygrid-day-events"
                                      >
                                        <div
                                          class="fc-daygrid-day-bottom"
                                          style="margin-top: 0px;"
                                        />
                                      </div>
                                      <div
                                        class="fc-daygrid-day-bg"
                                      />
                                    </div>
                                  </td>
                                  <td
                                    aria-labelledby="fc-dom-68"
                                    class="fc-daygrid-day fc-day fc-day-fri fc-day-future fc-day-other"
                                    data-date="2022-03-04"
                                    role="gridcell"
                                  >
                                    <div
                                      class="fc-daygrid-day-frame fc-scrollgrid-sync-inner"
                                    >
                                      <div
                                        class="fc-daygrid-day-top"
                                      >
                                        <a
                                          aria-label="March 4, 2022"
                                          class="fc-daygrid-day-number"
                                          id="fc-dom-68"
                                        >
                                          4
                                        </a>
                                      </div>
                                      <div
                                        class="fc-daygrid-day-events"
                                      >
                                        <div
                                          class="fc-daygrid-day-bottom"
                                          style="margin-top: 0px;"
                                        />
                                      </div>
                                      <div
                                        class="fc-daygrid-day-bg"
                                      />
                                    </div>
                                  </td>
                                  <td
                                    aria-labelledby="fc-dom-70"
                                    class="fc-daygrid-day fc-day fc-day-sat fc-day-future fc-day-other"
                                    data-date="2022-03-05"
                                    role="gridcell"
                                  >
                                    <div
                                      class="fc-daygrid-day-frame fc-scrollgrid-sync-inner"
                                    >
                                      <div
                                        class="fc-daygrid-day-top"
                                      >
                                        <a
                                          aria-label="March 5, 2022"
                                          class="fc-daygrid-day-number"
                                          id="fc-dom-70"
                                        >
                                          5
                                        </a>
                                      </div>
                                      <div
                                        class="fc-daygrid-day-events"
                                      >
                                        <div
                                          class="fc-daygrid-day-bottom"
                                          style="margin-top: 0px;"
                                        />
                                      </div>
                                      <div
                                        class="fc-daygrid-day-bg"
                                      />
                                    </div>
                                  </td>
                                </tr>
                                <tr
                                  role="row"
                                >
                                  <td
                                    aria-labelledby="fc-dom-72"
                                    class="fc-daygrid-day fc-day fc-day-sun fc-day-future fc-day-other"
                                    data-date="2022-03-06"
                                    role="gridcell"
                                  >
                                    <div
                                      class="fc-daygrid-day-frame fc-scrollgrid-sync-inner"
                                    >
                                      <div
                                        class="fc-daygrid-day-top"
                                      >
                                        <a
                                          aria-label="March 6, 2022"
                                          class="fc-daygrid-day-number"
                                          id="fc-dom-72"
                                        >
                                          6
                                        </a>
                                      </div>
                                      <div
                                        class="fc-daygrid-day-events"
                                      >
                                        <div
                                          class="fc-daygrid-day-bottom"
                                          style="margin-top: 0px;"
                                        />
                                      </div>
                                      <div
                                        class="fc-daygrid-day-bg"
                                      />
                                    </div>
                                  </td>
                                  <td
                                    aria-labelledby="fc-dom-74"
                                    class="fc-daygrid-day fc-day fc-day-mon fc-day-future fc-day-other"
                                    data-date="2022-03-07"
                                    role="gridcell"
                                  >
                                    <div
                                      class="fc-daygrid-day-frame fc-scrollgrid-sync-inner"
                                    >
                                      <div
                                        class="fc-daygrid-day-top"
                                      >
                                        <a
                                          aria-label="March 7, 2022"
                                          class="fc-daygrid-day-number"
                                          id="fc-dom-74"
                                        >
                                          7
                                        </a>
                                      </div>
                                      <div
                                        class="fc-daygrid-day-events"
                                      >
                                        <div
                                          class="fc-daygrid-day-bottom"
                                          style="margin-top: 0px;"
                                        />
                                      </div>
                                      <div
                                        class="fc-daygrid-day-bg"
                                      />
                                    </div>
                                  </td>
                                  <td
                                    aria-labelledby="fc-dom-76"
                                    class="fc-daygrid-day fc-day fc-day-tue fc-day-future fc-day-other"
                                    data-date="2022-03-08"
                                    role="gridcell"
                                  >
                                    <div
                                      class="fc-daygrid-day-frame fc-scrollgrid-sync-inner"
                                    >
                                      <div
                                        class="fc-daygrid-day-top"
                                      >
                                        <a
                                          aria-label="March 8, 2022"
                                          class="fc-daygrid-day-number"
                                          id="fc-dom-76"
                                        >
                                          8
                                        </a>
                                      </div>
                                      <div
                                        class="fc-daygrid-day-events"
                                      >
                                        <div
                                          class="fc-daygrid-day-bottom"
                                          style="margin-top: 0px;"
                                        />
                                      </div>
                                      <div
                                        class="fc-daygrid-day-bg"
                                      />
                                    </div>
                                  </td>
                                  <td
                                    aria-labelledby="fc-dom-78"
                                    class="fc-daygrid-day fc-day fc-day-wed fc-day-future fc-day-other"
                                    data-date="2022-03-09"
                                    role="gridcell"
                                  >
                                    <div
                                      class="fc-daygrid-day-frame fc-scrollgrid-sync-inner"
                                    >
                                      <div
                                        class="fc-daygrid-day-top"
                                      >
                                        <a
                                          aria-label="March 9, 2022"
                                          class="fc-daygrid-day-number"
                                          id="fc-dom-78"
                                        >
                                          9
                                        </a>
                                      </div>
                                      <div
                                        class="fc-daygrid-day-events"
                                      >
                                        <div
                                          class="fc-daygrid-day-bottom"
                                          style="margin-top: 0px;"
                                        />
                                      </div>
                                      <div
                                        class="fc-daygrid-day-bg"
                                      />
                                    </div>
                                  </td>
                                  <td
                                    aria-labelledby="fc-dom-80"
                                    class="fc-daygrid-day fc-day fc-day-thu fc-day-future fc-day-other"
                                    data-date="2022-03-10"
                                    role="gridcell"
                                  >
                                    <div
                                      class="fc-daygrid-day-frame fc-scrollgrid-sync-inner"
                                    >
                                      <div
                                        class="fc-daygrid-day-top"
                                      >
                                        <a
                                          aria-label="March 10, 2022"
                                          class="fc-daygrid-day-number"
                                          id="fc-dom-80"
                                        >
                                          10
                                        </a>
                                      </div>
                                      <div
                                        class="fc-daygrid-day-events"
                                      >
                                        <div
                                          class="fc-daygrid-day-bottom"
                                          style="margin-top: 0px;"
                                        />
                                      </div>
                                      <div
                                        class="fc-daygrid-day-bg"
                                      />
                                    </div>
                                  </td>
                                  <td
                                    aria-labelledby="fc-dom-82"
                                    class="fc-daygrid-day fc-day fc-day-fri fc-day-future fc-day-other"
                                    data-date="2022-03-11"
                                    role="gridcell"
                                  >
                                    <div
                                      class="fc-daygrid-day-frame fc-scrollgrid-sync-inner"
                                    >
                                      <div
                                        class="fc-daygrid-day-top"
                                      >
                                        <a
                                          aria-label="March 11, 2022"
                                          class="fc-daygrid-day-number"
                                          id="fc-dom-82"
                                        >
                                          11
                                        </a>
                                      </div>
                                      <div
                                        class="fc-daygrid-day-events"
                                      >
                                        <div
                                          class="fc-daygrid-day-bottom"
                                          style="margin-top: 0px;"
                                        />
                                      </div>
                                      <div
                                        class="fc-daygrid-day-bg"
                                      />
                                    </div>
                                  </td>
                                  <td
                                    aria-labelledby="fc-dom-84"
                                    class="fc-daygrid-day fc-day fc-day-sat fc-day-future fc-day-other"
                                    data-date="2022-03-12"
                                    role="gridcell"
                                  >
                                    <div
                                      class="fc-daygrid-day-frame fc-scrollgrid-sync-inner"
                                    >
                                      <div
                                        class="fc-daygrid-day-top"
                                      >
                                        <a
                                          aria-label="March 12, 2022"
                                          class="fc-daygrid-day-number"
                                          id="fc-dom-84"
                                        >
                                          12
                                        </a>
                                      </div>
                                      <div
                                        class="fc-daygrid-day-events"
                                      >
                                        <div
                                          class="fc-daygrid-day-bottom"
                                          style="margin-top: 0px;"
                                        />
                                      </div>
                                      <div
                                        class="fc-daygrid-day-bg"
                                      />
                                    </div>
                                  </td>
                                </tr>
                              </tbody>
                            </table>
                          </div>
                        </div>
                      </div>
                    </td>
                  </tr>
                </tbody>
              </table>
            </div>
          </div>
        </div>
      </div>
    </div>
    <span
      hidden=""
      id="__chakra_env"
    />
    <label
      for="title"
    >
      Title
    </label>
    <input
      id="title"
      type="text"
      value=""
    />
    <label
      for="startDate"
    >
      Start Date
    </label>
    <input
      id="startDate"
      min="2022-02-15"
      type="date"
      value="2022-02-15"
    />
    <label
      for="startTime"
    >
      Start Time
    </label>
    <input
      id="startTime"
      type="time"
      value="04:00"
    />
    <label
      for="endDate"
    >
      End Date
    </label>
    <input
      id="endDate"
      min="2022-02-15"
      type="date"
      value="2022-02-15"
    />
    <label
      for="endTime"
    >
      End Time
    </label>
    <input
      id="endTime"
      type="time"
      value="05:00"
    />
    <button>
      Create Event
    </button>
    <button>
      Delete Calendar Entry
    </button>
  </div>
</DocumentFragment>
`;
